
> timevault@0.0.0 build
> tsc -b && vite build

[36mvite v8.0.1 [32mbuilding client environment for production...[36m[39m
[2K
node.exe : [31mUnable 
to resolve `@import 
"tailwindcss"` from D:/
antigravity/Productivit
y System/TimeVault/src
[39m
At line:1 char:1
+ & "C:\Program 
Files\nodejs/node.exe" 
"C:\Users\anubhav 
thakur\AppData ...
+ ~~~~~~~~~~~~~~~~~~~~~
~~~~~~~~~~~~~~~~~~~~~~~
~~~~~~~~~~~~~~~~~~~~~~~
~~
    + CategoryInfo     
         : NotSpecifi  
  ed: ([31mUnable t   
 o ...eVault/src[3    
9m:String) [], Rem    
oteException
    + FullyQualifiedEr 
   rorId : NativeComm  
  andError
 
transforming...??? 2512 modules transformed.
[31m???[39m Build 
failed in 213ms
[31merror during 
build:
[31mBuild failed with 
1 error:

[plugin vite:css] D:/an
tigravity/Productivity 
System/TimeVault/src/in
dex.css:undefined:NaN
Error: [postcss] 
ENOENT: no such file 
or directory, open 'D:\
antigravity\Productivit
y System\TimeVault\tail
windcss'
    at async open (node
:internal/fs/promises:6
41:25)
    at async 
Object.readFile (node:i
nternal/fs/promises:124
5:14)
    at async 
Object.load (file:///D:
/antigravity/Productivi
ty%20System/TimeVault/n
ode_modules/vite/dist/n
ode/chunks/node.js:2087
8:17)
    at async 
loadImportContent (file
:///D:/antigravity/Prod
uctivity%20System/TimeV
ault/node_modules/vite/
dist/node/chunks/postcs
s-import.js:392:19)
    at async 
Promise.all (index 0)
    at async 
resolveImportId (file:/
//D:/antigravity/Produc
tivity%20System/TimeVau
lt/node_modules/vite/di
st/node/chunks/postcss-
import.js:378:20)
    at async 
parseStyles (file:///D:
/antigravity/Productivi
ty%20System/TimeVault/n
ode_modules/vite/dist/n
ode/chunks/postcss-impo
rt.js:331:4)
    at async 
Object.Once (file:///D:
/antigravity/Productivi
ty%20System/TimeVault/n
ode_modules/vite/dist/n
ode/chunks/postcss-impo
rt.js:455:20)
    at async 
LazyResult.runAsync (D:
\antigravity\Productivi
ty System\TimeVault\nod
e_modules\postcss\lib\l
azy-result.js:293:11)
    at async 
runPostCSS (file:///D:/
antigravity/Productivit
y%20System/TimeVault/no
de_modules/vite/dist/no
de/chunks/node.js:20932
:19)[31m
    at aggregateBinding
ErrorsIntoJsError (file
:///D:/antigravity/Prod
uctivity%20System/TimeV
ault/node_modules/rolld
own/dist/shared/error-B
O4SlZV_.mjs:48:18)
    at 
unwrapBindingResult (fi
le:///D:/antigravity/Pr
oductivity%20System/Tim
eVault/node_modules/rol
ldown/dist/shared/error
-BO4SlZV_.mjs:18:128)
    at #build (file:///
D:/antigravity/Producti
vity%20System/TimeVault
/node_modules/rolldown/
dist/shared/rolldown-bu
ild-yQC7KN8K.mjs:3311:3
4)
    at async 
buildEnvironment (file:
///D:/antigravity/Produ
ctivity%20System/TimeVa
ult/node_modules/vite/d
ist/node/chunks/node.js
:32817:64)
    at async 
Object.build (file:///D
:/antigravity/Productiv
ity%20System/TimeVault/
node_modules/vite/dist/
node/chunks/node.js:332
39:19)
    at async 
Object.buildApp (file:/
//D:/antigravity/Produc
tivity%20System/TimeVau
lt/node_modules/vite/di
st/node/chunks/node.js:
33236:153)
    at async 
CAC.<anonymous> (file:/
//D:/antigravity/Produc
tivity%20System/TimeVau
lt/node_modules/vite/di
st/node/cli.js:778:3) {
  errors: 
[Getter/Setter]
}[39m
